
<div id="menu-okolo">
	<p>auto</p>

	<div id="menu">
		<p class="aktivny">– Úvod<br />
		- demo<br />
		\---</p>

		<div id="menu2">
			<p>aa</p>
		</div>
	</div>

	<hr class="noscreen" />

	<div id="sidebar">
		<div id="menu">
			<ul>
				<li id="submenu-about"><a href="xxx/about">co je Texy!</a>
					<ul>
						<li><a href="xxx/about-usage">využití</a></li>

						<li><a href="xxx/about-why-texy">v čem je lepší</a></li>

						<li><a href="xxx/about-wysiwig">Texy! vs. WYSIWIG</a></li>
					</ul>
				</li>
			</ul>

			<ul>
				<li><a href="xxx/syntax">syntax</a></li>

				<li><a href="xxx/try">demo</a></li>

				<li><a href="xxx/implementation">implementace</a></li>

				<li><a href="xxx/download">download</a></li>

				<li><a href="xxx/license">licence</a></li>

				<li><a href="xxx/news">aktuality</a></li>

				<li><a href="xxx/contact">kontakt</a></li>
			</ul>
		</div>
	</div>

	<p>/---div</p>

	<p>Sponzor hostingu:</p>

	<div><a href="xxx/6"><img src="../images/[7]" alt="Webhosting poskytuje Český hosting" /></a></div>
</div>

<p>Texy! forma <a href="xxx/syntax.texy">stránky</a> <small>(<a href="xxx/menu.texy">menu</a>, <a href="xxx/footer.texy">patička</a>, <a
href="xxx/../links.texy">odkazy</a>)</small></p>

<p>\---</p>

<div id="footer">
	<p><strong>Texy!</strong> © <a href="xxx/8">David Grudl</a> 2003–2005</p>
</div>

<div id="menu-okolo">
	<div id="menu">
		<ul>
			<li class="aktivny">Úvod</li>

			<li>demo</li>
		</ul>
	</div>
</div>
