space space
<p>/--.<a href="https://texy.info/" title="The best text → HTML converter and formatter">Texy!</a> te st \--</p>

<pre class="texy">te
st</pre>

<pre>0</pre>

<pre title="0"><code>0</code></pre>

<pre title="0" class="html"><code>te
st</code></pre>

<pre class="html"><code>te
st</code></pre>
Text mezi @notexy ..... a @ nebude Texy *formátovat*
<pre class="html"><code>&lt;p&gt;Code: &lt;em&gt;formátovat&lt;/em&gt;&lt;br /&gt;
 &lt;br /&gt;
&amp;lt;xx&amp;gt;&lt;/p&gt;</code></pre>

<pre><code>Code: *formátovat*
  &amp;nbsp; &lt;br /&gt; &lt;xx&gt;</code></pre>

<pre><code>Code: Odsazeny
 text</code></pre>
HTML: *formátovat*  <br />
&lt;xx&gt; Html: Odsazeny text Text: *formátovat*<br />
&amp;nbsp; &lt;br /&gt; &lt;xx&gt; Text: Odsazeny<br />
text
<pre>Defaut: *formátovat*
  &amp;nbsp; &lt;br /&gt; &lt;xx&gt;</pre>

<pre>Default: Odsazeny
 text</pre>

<pre>PRE: *formátovat*
    <br /> &lt;xx&gt;</pre>

<pre>PRE: Odsazeny
 text</pre>

<div>
	<p>Div: <em>formátovat</em><br />
	 <br />
	&lt;xx&gt;</p>
</div>

<div>
	<p>Div: Odsazeny<br />
	text</p>
</div>
