<h1>Modifier</h1>

<figure><img alt="alternative" title="title text" src="../images/obr.jpg">
	<figcaption>any description</figcaption>
</figure>

<figure class="foo"><img alt="alternative" title="title text" src="../images/obr.jpg">
	<figcaption>any description</figcaption>
</figure>

<figure class="foo"><img alt="alternative" title="title text" src="../images/obr.jpg"></figure>

<figure class="foo aside-left"><img src="../images/obr.jpg" alt="">
	<figcaption>any description</figcaption>
</figure>

<figure class="foo aside-left"><img src="../images/obr.jpg" alt=""></figure>

<h1>Links</h1>

<figure><a href="images/obr.jpg"><img src="../images/obr.jpg" alt=""></a>
	<figcaption>auto link</figcaption>
</figure>

<figure><a href="link"><img src="../images/obr.jpg" alt=""></a>
	<figcaption>link</figcaption>
</figure>

<figure><a href="images/popup.php?img=obr-big.jpg"><img src="../images/obr.jpg" alt=""></a>
	<figcaption>image link</figcaption>
</figure>

<figure><a href="images/obr.jpg"><img src="../images/obr.jpg" alt=""></a></figure>

<figure><a href="link"><img src="../images/obr.jpg" alt=""></a></figure>

<figure><a href="images/popup.php?img=obr-big.jpg"><img src="../images/obr.jpg" alt=""></a></figure>

<h1>Align</h1>

<figure class="aside-right"><img src="../images/obr.jpg" alt="">
	<figcaption>any description</figcaption>
</figure>

<figure class="aside-left"><img src="../images/obr.jpg" alt="">
	<figcaption>any description</figcaption>
</figure>

<figure class="aside-left"><img src="../images/obr.jpg" alt=""></figure>

<figure class="aside-right"><img src="../images/obr.jpg" alt=""></figure>

<h1>Multiple</h1>

<figure><img src="../images/obr.jpg" alt="">
	<figcaption>any description</figcaption>
</figure>

<figure><img src="../images/obr.jpg" alt="">
	<figcaption>any description</figcaption>
</figure>

<figure><img src="../images/obr.jpg" alt=""></figure>

<figure><img src="../images/obr.jpg" alt=""></figure>

<h1>Part of text</h1>

<figure><img src="../images/obr.jpg" alt="">
	<figcaption>any description</figcaption>
</figure>

<p>hello</p>

<figure><img src="../images/obr.jpg" alt=""></figure>

<p>hello</p>

<figure><img src="../images/image" alt=""></figure>

<p>hello</p>

<figure><img src="../images/obr.jpg" alt=""></figure>

<div><img src="../images/nikon-curve-1.jpg" alt="Nikon bez uživatelské křivky"> <img src="../images/nikon-curve-2.jpg"
alt="Nikon s uživatelskou křivkou Point and Shoot v4.1"></div>

<hr>
