
<h1>Odkazy</h1>

<ul>
	<li>odkaz <a href="http://creativecommons.org/license/">pokus</a></li>

	<li>odkaz <a href="[*obrazek3*]" title="ahoj">pokus</a></li>

	<li>odkaz<a href="aa"></a> prázdný</li>

	<li>odkaz &lt;a&gt;test prázdný</li>

	<li>Klasický odkaz <a href="http://phpfashion.com/">php Fashion</a>?</li>

	<li>Klasický odkaz <a href="/trine/">php Fashion</a>x</li>

	<li>Klasický odkaz <a href="xxx/./trine/">php Fashion</a>x</li>

	<li>Klasický odkaz <a href="mailto:dave&#64;example.com">php Fashion</a>x</li>

	<li>Klasický odkaz <a href="mailto:dave&#64;example.com">php Fashion</a></li>

	<li>Referenční odkaz <a href="http://phpfashion.com/" title="title">php Fashion</a></li>

	<li>Referenční odkaz <a href="/trine/" title="title">php Fashion</a></li>

	<li>Referenční odkaz <a href="xxx/./trine/">php Fashion</a></li>

	<li>Referenční odkaz <a href="mailto:dave&#64;example.com" title="title">php Fashion</a></li>

	<li>Referenční odkaz <a href="http://phpfashion.com/" title="title2">php Fashion</a>?</li>

	<li>Referenční odkaz <a href="/trine/" title="title2">php Fashion</a>?</li>

	<li>Referenční odkaz <a href="http://phpfashion.com/#12" title="title">php Fashion</a>?</li>

	<li>Referenční odkaz <a href="/trine/?a=45" title="title">php Fashion</a>?</li>

	<li>Čistě referenční odkaz <a href="http://phpfashion.com/" title="title">text <em>o</em>dkazu</a></li>

	<li>Čistě referenční odkaz <a href="/trine/" title="title">/trine/</a></li>

	<li>Čistě referenční odkaz <a href="xxx/./trine/">./trine/</a></li>

	<li>Čistě referenční odkaz <a href="mailto:dave&#64;example.com" title="title">dave&#64;<!-- -->example.com</a></li>

	<li>wiki link <a href="http://texy.info">Texy</a></li>

	<li>wiki link <a href="http://texy.info">Texy</a></li>

	<li>markdown link <a href="http://texy.info">Texy</a></li>

	<li>markdown link <a href="http://texy.info">Texy</a></li>
</ul>

<h1>Obrázkové odkazy:</h1>

<ul>
	<li>Klasický odkaz <a href="../images/big/texy-big.jpg" onclick="return !popupImage(this.href)">obrazek</a></li>

	<li>Klasický odkaz <a href="../images/big/texy-big.jpg" onclick="return !popupImage(this.href)">obrazek</a></li>

	<li>Klasický odkaz <a href="../images/big/texy-big.jpg | 2 |3" onclick="return !popupImage(this.href)">obrazek</a></li>

	<li>Referenční odkaz <a href="xxx/[*texy-big.jpg" title="title">obrazek</a></li>

	<li>Referenční odkaz <a href="../images/big/texy.jpg" title="altX" onclick="return !popupImage(this.href)">obrazek</a></li>

	<li>Referenční odkaz <a href="../images/big/texy.jpg" onclick="return !popupImage(this.href)">obrazek</a></li>

	<li>Čistě referenční odkaz <a href="xxx/[*texy-big.jpg" title="title">| texy-big2.jpg*] text</a></li>

	<li>Čistě referenční odkaz <a href="xxx/[*">texy-big.jpg *] text</a></li>

	<li>Čistě referenční odkaz <a href="xxx/[*texy-big.jpg*]">[*texy-big.jpg*]</a></li>

	<li>Čistě referenční odkaz <a href="xxx/[*obrazek3*]" title="test"><img src="../images/texy.jpg" alt="altX" /></a></li>
</ul>

<h1>Odkazující obrázky:</h1>

<ul>
	<li>Klasický odkaz <a href="http://phpfashion.com/"><img src="../images/texy.jpg" alt="" /></a>?</li>

	<li>Klasický odkaz <a href="mailto:dave&#64;example.com"><img src="../images/texy.jpg" alt="title" class="left" /></a>x</li>

	<li>Referenční odkaz <a href="xxx/[*texy-big.jpg" title="title">| texy-big2.jpg*] text</a>:<a href="http://phpfashion.com/" title="title">text <em>o</em>dkazu</a></li>

	<li>Referenční odkaz <a href="../images/big/texy.jpg" onclick="return !popupImage(this.href)">php Fashion</a></li>

	<li>Referenční odkaz <a href="../images/big/texy.jpg" onclick="return !popupImage(this.href)">php Fashion</a></li>

	<li>Referenční odkaz <a href="mailto:dave&#64;example.com" title="title"><img src="../images/texy.jpg" alt="" width="10" height="13" /></a></li>

	<li>Referenční odkaz <a href="../images/big/texy.jpg" title="title2" onclick="return !popupImage(this.href)">php Fashion</a>?</li>

	<li>Referenční odkaz <a href="../images/big/texy.jpg" title="title2" onclick="return !popupImage(this.href)">php Fashion</a>?</li>

	<li>Referenční odkaz <a href="/trine/" title="title"><img src="../images/texy.jpg" alt="altX" /></a></li>

	<li>Referenční odkaz <a href="/trine/"><img src="../images/texy.jpg" alt="" width="10" height="13" /></a>x</li>

	<li>Referenční odkaz <a href="../images/big/texy.jpg" onclick="return !popupImage(this.href)"><img src="../images/texy.jpg" alt="" class="left" /></a></li>

	<li>Referenční odkaz <a href="../images/big/texy.jpg" onclick="return !popupImage(this.href)"><img src="../images/texy.jpg" alt="" style="float:right" width="10" height="13"
	/></a></li>

	<li>Referenční odkaz <a href="../images/big/texy.jpg" title="altX" onclick="return !popupImage(this.href)"><img src="../images/texy-big.jpg" alt="" /></a></li>

	<li>Čistě referenční obrázek <img src="../images/texy.jpg" alt="altX" /></li>

	<li>Čistě referenční obrázek <img src="../images/texy.jpg" alt="" width="10" height="13" /></li>

	<li>Čistě referenční obrázek <img src="../images/texy.jpg" alt="" /></li>

	<li>Čistě referenční obrázek <img src="../images/texy-big.jpg" alt="" /></li>
</ul>

<h1>Obrázek s popiskou</h1>

<p><a href="xxx/home"><img src="../images/texy.gif" alt="" /></a> * popiska s plným formátováním</p>

<h1>Rel nofollow</h1>

<ul>
	<li>relnofollow odkaz <a href="http://phpfashion.com/" rel="nofollow">php Fashion</a>?</li>

	<li>relnofollow odkaz <a href="/trine/">php Fashion</a>x</li>

	<li>relnofollow odkaz <a href="xxx/./trine/">php Fashion</a>x</li>

	<li>relnofollow odkaz <a href="mailto:dave&#64;example.com" rel="nofollow">php Fashion</a>x</li>

	<li>relnofollow odkaz <a href="mailto:dave&#64;example.com" id="nofollow">php Fashion</a></li>

	<li>relnofollow odkaz <a href="/test">test1</a></li>

	<li>relnofollow odkaz <a href="mailto:test&#64;text.cz">test2</a></li>

	<li>relnofollow odkaz <a href="//server/path">test3</a></li>

	<li>relnofollow odkaz <a href="http://server/path">test4</a></li>

	<li>relnofollow odkaz <a href="http://server/path" rel="my">test5</a></li>
</ul>

<h1>Specialni</h1>

<ul>
	<li><a href="http://www.text.cz">text1</a></li>

	<li><a href="http://www.text.cz">text1</a>)</li>

	<li><a href="http://www.text.cz(">text1</a>)</li>

	<li><a href="http://www.text.cz(x">text1</a>)</li>

	<li><a href="hxxp://test/">text2</a></li>

	<li><a href="javascript:alert(''">text3</a>)</li>

	<li><a href="mailto:dave&#64;example.com">text4</a></li>

	<li><a href="xxx/mailTO:dave&#64;example.com">text4</a></li>

	<li><a href="#id">text</a></li>

	<li><a href="xxx/./xx">text</a></li>

	<li><a href="/xx">text</a></li>

	<li><a href="www.text.cz">test5</a></li>

	<li><a href="hxxp://test/">test6</a></li>

	<li><a href="javascript:alert('')">test7</a></li>

	<li><a href="mailto:dave&#64;example.com">test8</a></li>
</ul>

<h1>Pure</h1>

<ul>
	<li><a href="http://www.texy.info">www.texy.info</a></li>

	<li><a href="http://www.texy.info/path">www.texy.info/path</a>, <a href="http://www.texy.info/path?">www.texy.info/path</a> <a
	href="http://www.texy.info/path">www.texy.info/path</a>! <a href="http://www.texy.info/path">www.texy.info/path</a>)</li>

	<li><a href="http://www.texy.info/path#flag">www.texy.info/path#flag</a></li>

	<li><a href="http://www.texy.info/path/#!/flag">www.texy.info/path/#…</a></li>

	<li><a href="http://texy.info">http://texy.info</a></li>

	<li><a href="https://texy.info">https://texy.info</a></li>

	<li><a href="ftp://example.com">ftp://example.com</a></li>

	<li>ftps://example.com</li>

	<li>ftps://user:pas­s@example.com</li>

	<li><a href="mailto:dave&#64;example.com">dave&#64;<!-- -->example.com</a></li>
</ul>
